Microchip MPLAB XC8 Compiler V2.45

Linker command line:

-W-3 \
  --edf=C:\Program Files\Microchip\xc8\v2.45\pic\dat\20230818022343_en.msgs \
  -cn -h+dist/default/production\08a-eeprom.production.sym \
  --cmf=dist/default/production\08a-eeprom.production.cmf -z -Q16F883 \
  -oC:\Users\nmvu1\AppData\Local\Temp\xcAs1m4.\driver_tmp_3.o \
  --defsym=__MPLAB_BUILD=1 --fixupoverflow=error \
  -Mdist/default/production/08a-eeprom.production.map \
  --md=C:\Users\nmvu1\AppData\Local\Temp\xcAs1m4.\driver_tmp_0.dat -E1 \
  -ver=XC8 Compiler --acfsm=1493 -ACODE=00h-07FFhx2 -ASTRCODE=00h-0FFFh \
  -ASTRING=00h-0FFhx16 -ACONST=00h-0FFhx16 -AENTRY=00h-0FFhx16 \
  -ACOMMON=070h-07Fh -ABANK0=020h-06Fh -ABANK1=0A0h-0EFh \
  -ABANK2=0120h-016Fh -ARAM=020h-06Fh,0A0h-0EFh,0120h-016Fh \
  -AABS1=020h-07Fh,0A0h-0EFh,0120h-016Fh -ASFR0=00h-01Fh -ASFR1=080h-09Fh \
  -ASFR2=0100h-011Fh -ASFR3=0180h-01EFh -ACONFIG=02007h-02008h -DCONFIG=2 \
  -AIDLOC=02000h-02003h -DIDLOC=2 -AEEDATA=00h-0FFh/02100h \
  -peeprom_data=EEDATA -DEEDATA=2 -DCODE=2 -DSTRCODE=2 -DSTRING=2 -DCONST=2 \
  -DENTRY=2 -preset_vec=00h,intentry,init,end_init -ppowerup=CODE \
  -pcinit=CODE -pfunctab=ENTRY -k \
  C:\Users\nmvu1\AppData\Local\Temp\xcAs1m4.\driver_tmp_12.o \
  dist/default/production\08a-eeprom.production.o 

Object code version is 3.11

Machine type is 16F883



                Name                               Link     Load   Length Selector   Space Scale
C:\Users\nmvu1\AppData\Local\Temp\xcAs1m4.\driver_tmp_12.o
                end_init                              0        0        2        0       0
                config                             2007     2007        2        0       4
dist/default/production\08a-eeprom.production.o
                cinit                               7FD      7FD        3      FFA       0
                config                             2007     2007        2        0       4
                text13                              4FD      4FD       10      9FA       0
                text12                              5EC      5EC       4A      BD8       0
                text11                              5AA      5AA       42      B54       0
                text10                              552      552       1C      AA4       0
                text9                               636      636       4E      C6C       0
                text8                               730      730       66      E60       0
                text7                               684      684       54      D08       0
                text6                               520      520       17      A40       0
                text5                               796      796       67      F2C       0
                text4                               537      537       1B      A6E       0
                text3                               56E      56E       1C      ADC       0
                text2                               50D      50D       13      A1A       0
                text1                               58A      58A       20      B14       0
                maintext                            6D8      6D8       58      DB0       0
                cstackBANK0                          20       20       17       20       1
                cstackCOMMON                         70       70        E       70       1
                strings                               2        2        E        4       0

TOTAL           Name                               Link     Load   Length     Space
        CLASS   CODE           
                end_init                              0        0        2         0
                cinit                               7FD      7FD        3         0
                text13                              4FD      4FD       10         0
                text12                              5EC      5EC       4A         0
                text11                              5AA      5AA       42         0
                text10                              552      552       1C         0
                text9                               636      636       4E         0
                text8                               730      730       66         0
                text7                               684      684       54         0
                text6                               520      520       17         0
                text5                               796      796       67         0
                text4                               537      537       1B         0
                text3                               56E      56E       1C         0
                text2                               50D      50D       13         0
                text1                               58A      58A       20         0
                maintext                            6D8      6D8       58         0

        CLASS   STRCODE        

        CLASS   STRING         
                strings                               2        2        E         0

        CLASS   CONST          

        CLASS   ENTRY          

        CLASS   COMMON         
                cstackCOMMON                         70       70        E         1

        CLASS   BANK0          
                cstackBANK0                          20       20       17         1

        CLASS   BANK1          

        CLASS   BANK2          

        CLASS   RAM            

        CLASS   ABS1           
                abs_s1                               7E       7E        2         1

        CLASS   SFR0           

        CLASS   SFR1           

        CLASS   SFR2           

        CLASS   SFR3           

        CLASS   CONFIG         
                config                             2007     2007        2         4

        CLASS   IDLOC          

        CLASS   EEDATA         

        CLASS   BANK3          

        CLASS   HEAP           

        CLASS   STACK          



SEGMENTS        Name                           Load    Length   Top    Selector   Space  Class     Delta

                reset_vec                      000000  000002  000002         0       0  CODE        2
                strings                        000002  00000E  000010         4       0  STRING      2
                cstackBANK0                    000020  000017  000037        20       1  BANK0       1
                cstackCOMMON                   000070  00000E  00007E        70       1  COMMON      1
                text13                         0004FD  000010  00050D       9FA       0  CODE        2
                text2                          00050D  000013  000520       A1A       0  CODE        2
                text6                          000520  000017  000537       A40       0  CODE        2
                text4                          000537  00001B  000552       A6E       0  CODE        2
                text10                         000552  00001C  00056E       AA4       0  CODE        2
                text3                          00056E  00001C  00058A       ADC       0  CODE        2
                text1                          00058A  000020  0005AA       B14       0  CODE        2
                text11                         0005AA  000042  0005EC       B54       0  CODE        2
                text12                         0005EC  00004A  000636       BD8       0  CODE        2
                text9                          000636  00004E  000684       C6C       0  CODE        2
                text7                          000684  000054  0006D8       D08       0  CODE        2
                maintext                       0006D8  000058  000730       DB0       0  CODE        2
                text8                          000730  000066  000796       E60       0  CODE        2
                text5                          000796  000067  0007FD       F2C       0  CODE        2
                cinit                          0007FD  000003  000800       FFA       0  CODE        2


UNUSED ADDRESS RANGES

        Name                Unused          Largest block    Delta
        BANK0            0037-006F             39           1
        BANK1            00A0-00EF             50           1
        BANK2            0120-016F             50           1
        CODE             0010-04FC            4ED           2
                         0800-0FFF            800
        CONST            0010-04FC            100           2
                         0800-0FFF            100
        EEDATA           2100-21FF            100           2
        ENTRY            0010-04FC            100           2
                         0800-0FFF            100
        IDLOC            2000-2003              4           2
        RAM              0037-006F             39           1
                         00A0-00EF             50
                         0120-016F             50
        SFR0             0000-001F             20           1
        SFR1             0080-009F             20           1
        SFR2             0100-011F             20           1
        SFR3             0180-01EF             70           1
        STRCODE          0010-04FC            4ED           2
                         0800-0FFF            800
        STRING           0010-04FC            100           2
                         0800-0FFF            100

                                  Symbol Table

?___lldiv                cstackCOMMON 0070
?___llmod                cstackCOMMON 0070
_ANSEL                   (abs)        0188
_ANSELH                  (abs)        0189
_EEADR                   (abs)        010D
_EECON2                  (abs)        018D
_EEDAT                   (abs)        010C
_EEPGD                   (abs)        0C67
_GIE                     (abs)        005F
_RC0                     (abs)        0038
_RC1                     (abs)        0039
_RC2                     (abs)        003A
_RC4                     (abs)        003C
_RC5                     (abs)        003D
_RC6                     (abs)        003E
_RC7                     (abs)        003F
_RD                      (abs)        0C60
_TRISC                   (abs)        0087
_WR                      (abs)        0C61
_WREN                    (abs)        0C62
__H__absolute__          __absolute__ 0000
__Habs1                  abs1         0000
__Hbank0                 bank0        0000
__Hbank1                 bank1        0000
__Hbank2                 bank2        0000
__Hbank3                 bank3        0000
__Hcinit                 cinit        0800
__Hclrtext               clrtext      0000
__Hcode                  code         0000
__Hcommon                common       0000
__Hconfig                config       2009
__HcstackBANK0           cstackBANK0  0000
__HcstackCOMMON          cstackCOMMON 0000
__Heeprom_data           eeprom_data  0000
__Hend_init              end_init     0002
__Hfunctab               functab      0000
__Hheap                  heap         0000
__Hinit                  init         0000
__Hintentry              intentry     0000
__Hmaintext              maintext     0000
__Hpowerup               powerup      0000
__Hram                   ram          0000
__Hreset_vec             reset_vec    0000
__Hsfr0                  sfr0         0000
__Hsfr1                  sfr1         0000
__Hsfr2                  sfr2         0000
__Hsfr3                  sfr3         0000
__Hspace_0               (abs)        0800
__Hspace_1               (abs)        007E
__Hspace_2               (abs)        0000
__Hspace_3               (abs)        0000
__Hspace_4               (abs)        4010
__Hstack                 stack        0000
__Hstrings               strings      0000
__Htext                  text         0000
__L__absolute__          __absolute__ 0000
__Labs1                  abs1         0000
__Lbank0                 bank0        0000
__Lbank1                 bank1        0000
__Lbank2                 bank2        0000
__Lbank3                 bank3        0000
__Lcinit                 cinit        07FD
__Lclrtext               clrtext      0000
__Lcode                  code         0000
__Lcommon                common       0000
__Lconfig                config       0000
__LcstackBANK0           cstackBANK0  0000
__LcstackCOMMON          cstackCOMMON 0000
__Leeprom_data           eeprom_data  0000
__Lend_init              end_init     0000
__Lfunctab               functab      0000
__Lheap                  heap         0000
__Linit                  init         0000
__Lintentry              intentry     0000
__Lmaintext              maintext     0000
__Lpowerup               powerup      0000
__Lram                   ram          0000
__Lreset_vec             reset_vec    0000
__Lsfr0                  sfr0         0000
__Lsfr1                  sfr1         0000
__Lsfr2                  sfr2         0000
__Lsfr3                  sfr3         0000
__Lspace_0               (abs)        0000
__Lspace_1               (abs)        0000
__Lspace_2               (abs)        0000
__Lspace_3               (abs)        0000
__Lspace_4               (abs)        0000
__Lstack                 stack        0000
__Lstrings               strings      0000
__Ltext                  text         0000
__S0                     (abs)        0800
__S1                     (abs)        007E
__S3                     (abs)        0000
___heap_hi               (abs)        0000
___heap_lo               (abs)        0000
___int_sp                stack        0000
___int_stack_hi          stack        0000
___int_stack_lo          stack        0000
___latbits               (abs)        0001
___lldiv                 text8        0730
___lldiv@counter         cstackCOMMON 007D
___lldiv@dividend        cstackCOMMON 0074
___lldiv@divisor         cstackCOMMON 0070
___lldiv@quotient        cstackCOMMON 0079
___llmod                 text7        0684
___llmod@counter         cstackCOMMON 0079
___llmod@dividend        cstackCOMMON 0074
___llmod@divisor         cstackCOMMON 0070
___sp                    stack        0000
___stack_hi              stack        0000
___stack_lo              stack        0000
___stackhi               (abs)        0000
___stacklo               (abs)        0000
__end_of___lldiv         text8        0796
__end_of___llmod         text7        06D8
__end_of__initialization cinit        07FD
__end_of__stringtab      strings      0008
__end_of_clockLcd        text13       050D
__end_of_lcdChar         text6        0537
__end_of_lcdCmd          text10       056E
__end_of_lcdInit         text9        0684
__end_of_lcdNumber       text5        07FD
__end_of_lcdSet          text4        0552
__end_of_lcdText         text3        058A
__end_of_lcdWriteHigh    text12       0636
__end_of_lcdWriteLow     text11       05EC
__end_of_main            maintext     0730
__end_of_readEeprom      text2        0520
__end_of_writeEeprom     text1        05AA
__initialization         cinit        07FD
__pcstackBANK0           cstackBANK0  0020
__pcstackCOMMON          cstackCOMMON 0070
__pmaintext              maintext     06D8
__pstrings               strings      0002
__ptext1                 text1        058A
__ptext10                text10       0552
__ptext11                text11       05AA
__ptext12                text12       05EC
__ptext13                text13       04FD
__ptext2                 text2        050D
__ptext3                 text3        056E
__ptext4                 text4        0537
__ptext5                 text5        0796
__ptext6                 text6        0520
__ptext7                 text7        0684
__ptext8                 text8        0730
__ptext9                 text9        0636
__stringbase             strings      0007
__stringtab              strings      0002
_clockLcd                text13       04FD
_lcdChar                 text6        0520
_lcdCmd                  text10       0552
_lcdInit                 text9        0636
_lcdNumber               text5        0796
_lcdSet                  text4        0537
_lcdText                 text3        056E
_lcdWriteHigh            text12       05EC
_lcdWriteLow             text11       05AA
_main                    maintext     06D8
_readEeprom              text2        050D
_writeEeprom             text1        058A
btemp                    (abs)        007E
end_of_initialization    cinit        07FD
intlevel0                functab      0000
intlevel1                functab      0000
intlevel2                functab      0000
intlevel3                functab      0000
intlevel4                functab      0000
intlevel5                functab      0000
lcdChar@b                cstackCOMMON 0073
lcdCmd@b                 cstackCOMMON 0074
lcdNumber@i              cstackBANK0  0030
lcdNumber@j              cstackBANK0  0031
lcdNumber@n              cstackBANK0  0020
lcdNumber@num            cstackBANK0  0026
lcdSet@add               cstackCOMMON 0076
lcdSet@x                 cstackCOMMON 0077
lcdSet@y                 cstackCOMMON 0075
lcdText@i                cstackCOMMON 0075
lcdText@str              cstackCOMMON 0074
lcdWriteHigh@b           cstackCOMMON 0071
lcdWriteLow@b            cstackCOMMON 0071
main@i                   cstackBANK0  0036
readEeprom@add           cstackCOMMON 0070
readEeprom@result        cstackCOMMON 0071
reset_vec                reset_vec    0000
start                    init         0000
start_initialization     cinit        07FD
writeEeprom@add          cstackCOMMON 0071
writeEeprom@data         cstackCOMMON 0070
writeEeprom@i            cstackCOMMON 0072
wtemp0                   (abs)        007E


MODULE INFORMATION

Module		Function		Class		Link	Load	Size
eeprom.c
		_readEeprom    		CODE           	050D	0000	19
		_writeEeprom   		CODE           	058A	0000	32

eeprom.c estimated size: 51

shared
		__stringtab    		STRING         	0002	0000	6
		__initialization		CODE           	07FD	0000	1

shared estimated size: 7

C:\Program Files\Microchip\xc8\v2.45\pic\sources\c99\common\llmod.c
		___llmod       		CODE           	0684	0000	84

C:\Program Files\Microchip\xc8\v2.45\pic\sources\c99\common\llmod.c estimated size: 84

C:\Program Files\Microchip\xc8\v2.45\pic\sources\c99\common\__lldiv.c
		___lldiv       		CODE           	0730	0000	102

C:\Program Files\Microchip\xc8\v2.45\pic\sources\c99\common\__lldiv.c estimated size: 102

lcd_4bit.c
		_lcdSet        		CODE           	0537	0000	27
		_lcdChar       		CODE           	0520	0000	23
		_lcdText       		CODE           	056E	0000	28
		_clockLcd      		CODE           	04FD	0000	16
		_lcdNumber     		CODE           	0796	0000	103
		_lcdCmd        		CODE           	0552	0000	28
		_lcdWriteLow   		CODE           	05AA	0000	66
		_lcdWriteHigh  		CODE           	05EC	0000	74
		_lcdInit       		CODE           	0636	0000	78

lcd_4bit.c estimated size: 443

main.c
		_main          		CODE           	06D8	0000	88

main.c estimated size: 88

