Microchip MPLAB XC8 Compiler V2.45

Linker command line:

-W-3 \
  --edf=C:\Program Files\Microchip\xc8\v2.45\pic\dat\20230818022343_en.msgs \
  -cn -h+dist/default/production\07a-ccp_capture.production.sym \
  --cmf=dist/default/production\07a-ccp_capture.production.cmf -z -Q16F883 \
  -oC:\Users\nmvu1\AppData\Local\Temp\xcAs654.\driver_tmp_3.o \
  --defsym=__MPLAB_BUILD=1 --fixupoverflow=error \
  -Mdist/default/production/07a-ccp_capture.production.map \
  --md=C:\Users\nmvu1\AppData\Local\Temp\xcAs654.\driver_tmp_0.dat -E1 \
  -ver=XC8 Compiler --acfsm=1493 -ACODE=00h-07FFhx2 -ASTRCODE=00h-0FFFh \
  -ASTRING=00h-0FFhx16 -ACONST=00h-0FFhx16 -AENTRY=00h-0FFhx16 \
  -ACOMMON=070h-07Fh -ABANK0=020h-06Fh -ABANK1=0A0h-0EFh \
  -ABANK2=0120h-016Fh -ARAM=020h-06Fh,0A0h-0EFh,0120h-016Fh \
  -AABS1=020h-07Fh,0A0h-0EFh,0120h-016Fh -ASFR0=00h-01Fh -ASFR1=080h-09Fh \
  -ASFR2=0100h-011Fh -ASFR3=0180h-01EFh -ACONFIG=02007h-02008h -DCONFIG=2 \
  -AIDLOC=02000h-02003h -DIDLOC=2 -AEEDATA=00h-0FFh/02100h \
  -peeprom_data=EEDATA -DEEDATA=2 -DCODE=2 -DSTRCODE=2 -DSTRING=2 -DCONST=2 \
  -DENTRY=2 -preset_vec=00h,intentry=04h,init,end_init -ppowerup=CODE \
  -pcinit=CODE -pfunctab=ENTRY -k \
  C:\Users\nmvu1\AppData\Local\Temp\xcAs654.\driver_tmp_12.o \
  dist/default/production\07a-ccp_capture.production.o 

Object code version is 3.11

Machine type is 16F883



                Name                               Link     Load   Length Selector   Space Scale
C:\Users\nmvu1\AppData\Local\Temp\xcAs654.\driver_tmp_12.o
                end_init                              B        B        2        8       0
                reset_vec                             0        0        2        0       0
                config                             2007     2007        2        0       4
dist/default/production\07a-ccp_capture.production.o
                cinit                                 D        D        7        8       0
                intentry                              4        4        7        8       0
                config                             2007     2007        2        0       4
                text11                              290      290       14        8       0
                text10                              2A4      2A4       10        8       0
                text9                               1D1      1D1       4A        8       0
                text8                               21B      21B       42        8       0
                text7                               25D      25D       1C        8       0
                text6                               2B4      2B4        5        8       0
                text5                               137      137       4E        8       0
                text4                                14       14       68        8       0
                text3                                E3       E3       54        8       0
                text2                               279      279       17        8       0
                text1                                7C       7C       67        8       0
                maintext                            185      185       4C        8       0
                cstackBANK0                          20       20       1A       20       1
                cstackCOMMON                         70       70        C       70       1
                bssBANK0                             3A       3A        2       20       1

TOTAL           Name                               Link     Load   Length     Space
        CLASS   CODE           
                end_init                              B        B        2         0
                cinit                                 D        D        7         0
                intentry                              4        4        7         0
                reset_vec                             0        0        2         0
                text11                              290      290       14         0
                text10                              2A4      2A4       10         0
                text9                               1D1      1D1       4A         0
                text8                               21B      21B       42         0
                text7                               25D      25D       1C         0
                text6                               2B4      2B4        5         0
                text5                               137      137       4E         0
                text4                                14       14       68         0
                text3                                E3       E3       54         0
                text2                               279      279       17         0
                text1                                7C       7C       67         0
                maintext                            185      185       4C         0

        CLASS   STRCODE        

        CLASS   STRING         

        CLASS   CONST          

        CLASS   ENTRY          

        CLASS   COMMON         
                cstackCOMMON                         70       70        C         1

        CLASS   BANK0          
                cstackBANK0                          20       20       1A         1
                bssBANK0                             3A       3A        2         1

        CLASS   BANK1          

        CLASS   BANK2          

        CLASS   RAM            

        CLASS   ABS1           
                abs_s1                               7E       7E        2         1

        CLASS   SFR0           

        CLASS   SFR1           

        CLASS   SFR2           

        CLASS   SFR3           

        CLASS   CONFIG         
                config                             2007     2007        2         4

        CLASS   IDLOC          

        CLASS   EEDATA         

        CLASS   BANK3          

        CLASS   HEAP           

        CLASS   STACK          



SEGMENTS        Name                           Load    Length   Top    Selector   Space  Class     Delta

                reset_vec                      000000  000002  000002         0       0  CODE        2
                intentry                       000004  0002B5  0002B9         8       0  CODE        2
                cstackBANK0                    000020  00001C  00003C        20       1  BANK0       1
                cstackCOMMON                   000070  00000C  00007C        70       1  COMMON      1


UNUSED ADDRESS RANGES

        Name                Unused          Largest block    Delta
        BANK0            003C-006F             34           1
        BANK1            00A0-00EF             50           1
        BANK2            0120-016F             50           1
        CODE             0002-0003              2           2
                         02B9-0FFF            547
        COMMON           007C-007D              2           1
        CONST            0002-0003              2           2
                         02B9-0FFF            100
        EEDATA           2100-21FF            100           2
        ENTRY            0002-0003              2           2
                         02B9-0FFF            100
        IDLOC            2000-2003              4           2
        RAM              003C-006F             34           1
                         00A0-00EF             50
                         0120-016F             50
        SFR0             0000-001F             20           1
        SFR1             0080-009F             20           1
        SFR2             0100-011F             20           1
        SFR3             0180-01EF             70           1
        STRCODE          0002-0003              2           2
                         02B9-0FFF            D47
        STRING           0002-0003              2           2
                         02B9-0FFF            100

                                  Symbol Table

?___lldiv                cstackCOMMON 0072
?___llmod                cstackCOMMON 0072
_ANSEL                   (abs)        0188
_CCP1IE                  (abs)        0462
_CCP1IF                  (abs)        0062
_CCP1M0                  (abs)        00B8
_CCP1M1                  (abs)        00B9
_CCP1M2                  (abs)        00BA
_CCP1M3                  (abs)        00BB
_CCPR1                   (abs)        0015
_GIE                     (abs)        005F
_ISR                     text11       0290
_PEIE                    (abs)        005E
_RA0                     (abs)        0028
_RA1                     (abs)        0029
_RA4                     (abs)        002C
_RA5                     (abs)        002D
_RA6                     (abs)        002E
_RA7                     (abs)        002F
_T1CKPS0                 (abs)        0084
_T1CKPS1                 (abs)        0085
_T1SYNC                  (abs)        0082
_TMR1                    (abs)        000E
_TMR1CS                  (abs)        0081
_TMR1ON                  (abs)        0080
_TRISA                   (abs)        0085
__H__absolute__          __absolute__ 0000
__Habs1                  abs1         0000
__Hbank0                 bank0        0000
__Hbank1                 bank1        0000
__Hbank2                 bank2        0000
__Hbank3                 bank3        0000
__HbssBANK0              bssBANK0     0000
__Hcinit                 cinit        0014
__Hclrtext               clrtext      0000
__Hcode                  code         0000
__Hcommon                common       0000
__Hconfig                config       2009
__HcstackBANK0           cstackBANK0  0000
__HcstackCOMMON          cstackCOMMON 0000
__Heeprom_data           eeprom_data  0000
__Hend_init              end_init     000D
__Hfunctab               functab      0000
__Hheap                  heap         0000
__Hinit                  init         000B
__Hintentry              intentry     000B
__Hmaintext              maintext     0000
__Hpowerup               powerup      0000
__Hram                   ram          0000
__Hreset_vec             reset_vec    0002
__Hsfr0                  sfr0         0000
__Hsfr1                  sfr1         0000
__Hsfr2                  sfr2         0000
__Hsfr3                  sfr3         0000
__Hspace_0               (abs)        02B9
__Hspace_1               (abs)        007C
__Hspace_2               (abs)        0000
__Hspace_3               (abs)        0000
__Hspace_4               (abs)        4010
__Hstack                 stack        0000
__Hstrings               strings      0000
__Htext                  text         0000
__L__absolute__          __absolute__ 0000
__Labs1                  abs1         0000
__Lbank0                 bank0        0000
__Lbank1                 bank1        0000
__Lbank2                 bank2        0000
__Lbank3                 bank3        0000
__LbssBANK0              bssBANK0     0000
__Lcinit                 cinit        000D
__Lclrtext               clrtext      0000
__Lcode                  code         0000
__Lcommon                common       0000
__Lconfig                config       0000
__LcstackBANK0           cstackBANK0  0000
__LcstackCOMMON          cstackCOMMON 0000
__Leeprom_data           eeprom_data  0000
__Lend_init              end_init     000B
__Lfunctab               functab      0000
__Lheap                  heap         0000
__Linit                  init         000B
__Lintentry              intentry     0004
__Lmaintext              maintext     0000
__Lpowerup               powerup      0000
__Lram                   ram          0000
__Lreset_vec             reset_vec    0000
__Lsfr0                  sfr0         0000
__Lsfr1                  sfr1         0000
__Lsfr2                  sfr2         0000
__Lsfr3                  sfr3         0000
__Lspace_0               (abs)        0000
__Lspace_1               (abs)        0000
__Lspace_2               (abs)        0000
__Lspace_3               (abs)        0000
__Lspace_4               (abs)        0000
__Lstack                 stack        0000
__Lstrings               strings      0000
__Ltext                  text         0000
__S0                     (abs)        02B9
__S1                     (abs)        007C
__S3                     (abs)        0000
___heap_hi               (abs)        0000
___heap_lo               (abs)        0000
___int_sp                stack        0000
___int_stack_hi          stack        0000
___int_stack_lo          stack        0000
___latbits               (abs)        0001
___lldiv                 text4        0014
___lldiv@counter         cstackBANK0  0024
___lldiv@dividend        cstackCOMMON 0076
___lldiv@divisor         cstackCOMMON 0072
___lldiv@quotient        cstackBANK0  0020
___llmod                 text3        00E3
___llmod@counter         cstackCOMMON 007B
___llmod@dividend        cstackCOMMON 0076
___llmod@divisor         cstackCOMMON 0072
___sp                    stack        0000
___stack_hi              stack        0000
___stack_lo              stack        0000
___stackhi               (abs)        0000
___stacklo               (abs)        0000
__end_of_ISR             text11       02A4
__end_of___lldiv         text4        007C
__end_of___llmod         text3        0137
__end_of__initialization cinit        0011
__end_of_clockLcd        text10       02B4
__end_of_lcdChar         text2        0290
__end_of_lcdClear        text6        02B9
__end_of_lcdCmd          text7        0279
__end_of_lcdInit         text5        0185
__end_of_lcdNumber       text1        00E3
__end_of_lcdWriteHigh    text9        021B
__end_of_lcdWriteLow     text8        025D
__end_of_main            maintext     01D1
__initialization         cinit        000D
__pbssBANK0              bssBANK0     003A
__pcstackBANK0           cstackBANK0  0020
__pcstackCOMMON          cstackCOMMON 0070
__pintentry              intentry     0004
__pmaintext              maintext     0185
__ptext1                 text1        007C
__ptext10                text10       02A4
__ptext11                text11       0290
__ptext2                 text2        0279
__ptext3                 text3        00E3
__ptext4                 text4        0014
__ptext5                 text5        0137
__ptext6                 text6        02B4
__ptext7                 text7        025D
__ptext8                 text8        021B
__ptext9                 text9        01D1
_clockLcd                text10       02A4
_i                       bssBANK0     003A
_lcdChar                 text2        0279
_lcdClear                text6        02B4
_lcdCmd                  text7        025D
_lcdInit                 text5        0137
_lcdNumber               text1        007C
_lcdWriteHigh            text9        01D1
_lcdWriteLow             text8        021B
_main                    maintext     0185
btemp                    (abs)        007E
end_of_initialization    cinit        0011
interrupt_function       intentry     0004
intlevel0                functab      0000
intlevel1                functab      0000
intlevel2                functab      0000
intlevel3                functab      0000
intlevel4                functab      0000
intlevel5                functab      0000
lcdChar@b                cstackCOMMON 0075
lcdCmd@b                 cstackCOMMON 0076
lcdNumber@i              cstackBANK0  0035
lcdNumber@j              cstackBANK0  0036
lcdNumber@n              cstackBANK0  0025
lcdNumber@num            cstackBANK0  002B
lcdWriteHigh@b           cstackCOMMON 0073
lcdWriteLow@b            cstackCOMMON 0073
reset_vec                reset_vec    0000
saved_w                  (abs)        007E
start                    init         000B
start_initialization     cinit        000D
wtemp0                   (abs)        007E


MODULE INFORMATION

Module		Function		Class		Link	Load	Size
shared
		__initialization		CODE           	000D	0000	4

shared estimated size: 4

C:\Program Files\Microchip\xc8\v2.45\pic\sources\c99\common\llmod.c
		___llmod       		CODE           	00E3	0000	84

C:\Program Files\Microchip\xc8\v2.45\pic\sources\c99\common\llmod.c estimated size: 84

C:\Program Files\Microchip\xc8\v2.45\pic\sources\c99\common\__lldiv.c
		___lldiv       		CODE           	0014	0000	104

C:\Program Files\Microchip\xc8\v2.45\pic\sources\c99\common\__lldiv.c estimated size: 104

lcd_4bit.c
		_lcdChar       		CODE           	0279	0000	23
		_clockLcd      		CODE           	02A4	0000	16
		_lcdNumber     		CODE           	007C	0000	103
		_lcdClear      		CODE           	02B4	0000	5
		_lcdCmd        		CODE           	025D	0000	28
		_lcdWriteLow   		CODE           	021B	0000	66
		_lcdWriteHigh  		CODE           	01D1	0000	74
		_lcdInit       		CODE           	0137	0000	78

lcd_4bit.c estimated size: 393

main.c
		_ISR           		CODE           	0290	0000	20
		_main          		CODE           	0185	0000	76

main.c estimated size: 96

