Microchip MPLAB XC8 Compiler V2.45

Linker command line:

-W-3 \
  --edf=C:\Program Files\Microchip\xc8\v2.45\pic\dat\20230818022343_en.msgs \
  -cn -h+dist/default/production\04a-timer1_couter.production.sym \
  --cmf=dist/default/production\04a-timer1_couter.production.cmf -z \
  -Q16F883 -oC:\Users\nmvu1\AppData\Local\Temp\xcAs83c.\driver_tmp_3.o \
  --defsym=__MPLAB_BUILD=1 --fixupoverflow=error \
  -Mdist/default/production/04a-timer1_couter.production.map \
  --md=C:\Users\nmvu1\AppData\Local\Temp\xcAs83c.\driver_tmp_0.dat -E1 \
  -ver=XC8 Compiler --acfsm=1493 -ACODE=00h-07FFhx2 -ASTRCODE=00h-0FFFh \
  -ASTRING=00h-0FFhx16 -ACONST=00h-0FFhx16 -AENTRY=00h-0FFhx16 \
  -ACOMMON=070h-07Fh -ABANK0=020h-06Fh -ABANK1=0A0h-0EFh \
  -ABANK2=0120h-016Fh -ARAM=020h-06Fh,0A0h-0EFh,0120h-016Fh \
  -AABS1=020h-07Fh,0A0h-0EFh,0120h-016Fh -ASFR0=00h-01Fh -ASFR1=080h-09Fh \
  -ASFR2=0100h-011Fh -ASFR3=0180h-01EFh -ACONFIG=02007h-02008h -DCONFIG=2 \
  -AIDLOC=02000h-02003h -DIDLOC=2 -AEEDATA=00h-0FFh/02100h \
  -peeprom_data=EEDATA -DEEDATA=2 -DCODE=2 -DSTRCODE=2 -DSTRING=2 -DCONST=2 \
  -DENTRY=2 -preset_vec=00h,intentry,init,end_init -ppowerup=CODE \
  -pcinit=CODE -pfunctab=ENTRY -k \
  C:\Users\nmvu1\AppData\Local\Temp\xcAs83c.\driver_tmp_12.o \
  dist/default/production\04a-timer1_couter.production.o 

Object code version is 3.11

Machine type is 16F883



                Name                               Link     Load   Length Selector   Space Scale
C:\Users\nmvu1\AppData\Local\Temp\xcAs83c.\driver_tmp_12.o
                end_init                              0        0        2        0       0
                config                             2007     2007        2        0       4
dist/default/production\04a-timer1_couter.production.o
                cinit                               7FD      7FD        3      FFA       0
                config                             2007     2007        2        0       4
                text11                              54D      54D       10      A9A       0
                text10                              644      644       4A      C88       0
                text9                               602      602       42      C04       0
                text8                               58F      58F       1C      B1E       0
                text7                               68E      68E       4E      D1C       0
                text6                               730      730       66      E60       0
                text5                               6DC      6DC       54      DB8       0
                text4                               55D      55D       17      ABA       0
                text3                               796      796       67      F2C       0
                text2                               574      574       1B      AE8       0
                text1                               5AB      5AB       1C      B56       0
                maintext                            5C7      5C7       3B      B8E       0
                cstackBANK0                          20       20       14       20       1
                cstackCOMMON                         70       70        E       70       1
                strings                               2        2        E        4       0

TOTAL           Name                               Link     Load   Length     Space
        CLASS   CODE           
                end_init                              0        0        2         0
                cinit                               7FD      7FD        3         0
                text11                              54D      54D       10         0
                text10                              644      644       4A         0
                text9                               602      602       42         0
                text8                               58F      58F       1C         0
                text7                               68E      68E       4E         0
                text6                               730      730       66         0
                text5                               6DC      6DC       54         0
                text4                               55D      55D       17         0
                text3                               796      796       67         0
                text2                               574      574       1B         0
                text1                               5AB      5AB       1C         0
                maintext                            5C7      5C7       3B         0

        CLASS   STRCODE        

        CLASS   STRING         
                strings                               2        2        E         0

        CLASS   CONST          

        CLASS   ENTRY          

        CLASS   COMMON         
                cstackCOMMON                         70       70        E         1

        CLASS   BANK0          
                cstackBANK0                          20       20       14         1

        CLASS   BANK1          

        CLASS   BANK2          

        CLASS   RAM            

        CLASS   ABS1           
                abs_s1                               7E       7E        2         1

        CLASS   SFR0           

        CLASS   SFR1           

        CLASS   SFR2           

        CLASS   SFR3           

        CLASS   CONFIG         
                config                             2007     2007        2         4

        CLASS   IDLOC          

        CLASS   EEDATA         

        CLASS   BANK3          

        CLASS   HEAP           

        CLASS   STACK          



SEGMENTS        Name                           Load    Length   Top    Selector   Space  Class     Delta

                reset_vec                      000000  000002  000002         0       0  CODE        2
                strings                        000002  00000E  000010         4       0  STRING      2
                cstackBANK0                    000020  000014  000034        20       1  BANK0       1
                cstackCOMMON                   000070  00000E  00007E        70       1  COMMON      1
                text11                         00054D  000010  00055D       A9A       0  CODE        2
                text4                          00055D  000017  000574       ABA       0  CODE        2
                text2                          000574  00001B  00058F       AE8       0  CODE        2
                text8                          00058F  00001C  0005AB       B1E       0  CODE        2
                text1                          0005AB  00001C  0005C7       B56       0  CODE        2
                maintext                       0005C7  00003B  000602       B8E       0  CODE        2
                text9                          000602  000042  000644       C04       0  CODE        2
                text10                         000644  00004A  00068E       C88       0  CODE        2
                text7                          00068E  00004E  0006DC       D1C       0  CODE        2
                text5                          0006DC  000054  000730       DB8       0  CODE        2
                text6                          000730  000066  000796       E60       0  CODE        2
                text3                          000796  000067  0007FD       F2C       0  CODE        2
                cinit                          0007FD  000003  000800       FFA       0  CODE        2


UNUSED ADDRESS RANGES

        Name                Unused          Largest block    Delta
        BANK0            0034-006F             3C           1
        BANK1            00A0-00EF             50           1
        BANK2            0120-016F             50           1
        CODE             0010-054C            53D           2
                         0800-0FFF            800
        CONST            0010-054C            100           2
                         0800-0FFF            100
        EEDATA           2100-21FF            100           2
        ENTRY            0010-054C            100           2
                         0800-0FFF            100
        IDLOC            2000-2003              4           2
        RAM              0034-006F             3C           1
                         00A0-00EF             50
                         0120-016F             50
        SFR0             0000-001F             20           1
        SFR1             0080-009F             20           1
        SFR2             0100-011F             20           1
        SFR3             0180-01EF             70           1
        STRCODE          0010-054C            53D           2
                         0800-0FFF            800
        STRING           0010-054C            100           2
                         0800-0FFF            100

                                  Symbol Table

?___lldiv                cstackCOMMON 0070
?___llmod                cstackCOMMON 0070
_RC2                     (abs)        003A
_RC3                     (abs)        003B
_RC4                     (abs)        003C
_RC5                     (abs)        003D
_RC6                     (abs)        003E
_RC7                     (abs)        003F
_T1SYNC                  (abs)        0082
_TMR1                    (abs)        000E
_TMR1CS                  (abs)        0081
_TMR1ON                  (abs)        0080
_TRISC2                  (abs)        043A
_TRISC3                  (abs)        043B
_TRISC4                  (abs)        043C
_TRISC5                  (abs)        043D
_TRISC6                  (abs)        043E
_TRISC7                  (abs)        043F
__H__absolute__          __absolute__ 0000
__Habs1                  abs1         0000
__Hbank0                 bank0        0000
__Hbank1                 bank1        0000
__Hbank2                 bank2        0000
__Hbank3                 bank3        0000
__Hcinit                 cinit        0800
__Hclrtext               clrtext      0000
__Hcode                  code         0000
__Hcommon                common       0000
__Hconfig                config       2009
__HcstackBANK0           cstackBANK0  0000
__HcstackCOMMON          cstackCOMMON 0000
__Heeprom_data           eeprom_data  0000
__Hend_init              end_init     0002
__Hfunctab               functab      0000
__Hheap                  heap         0000
__Hinit                  init         0000
__Hintentry              intentry     0000
__Hmaintext              maintext     0000
__Hpowerup               powerup      0000
__Hram                   ram          0000
__Hreset_vec             reset_vec    0000
__Hsfr0                  sfr0         0000
__Hsfr1                  sfr1         0000
__Hsfr2                  sfr2         0000
__Hsfr3                  sfr3         0000
__Hspace_0               (abs)        0800
__Hspace_1               (abs)        007E
__Hspace_2               (abs)        0000
__Hspace_3               (abs)        0000
__Hspace_4               (abs)        4010
__Hstack                 stack        0000
__Hstrings               strings      0000
__Htext                  text         0000
__L__absolute__          __absolute__ 0000
__Labs1                  abs1         0000
__Lbank0                 bank0        0000
__Lbank1                 bank1        0000
__Lbank2                 bank2        0000
__Lbank3                 bank3        0000
__Lcinit                 cinit        07FD
__Lclrtext               clrtext      0000
__Lcode                  code         0000
__Lcommon                common       0000
__Lconfig                config       0000
__LcstackBANK0           cstackBANK0  0000
__LcstackCOMMON          cstackCOMMON 0000
__Leeprom_data           eeprom_data  0000
__Lend_init              end_init     0000
__Lfunctab               functab      0000
__Lheap                  heap         0000
__Linit                  init         0000
__Lintentry              intentry     0000
__Lmaintext              maintext     0000
__Lpowerup               powerup      0000
__Lram                   ram          0000
__Lreset_vec             reset_vec    0000
__Lsfr0                  sfr0         0000
__Lsfr1                  sfr1         0000
__Lsfr2                  sfr2         0000
__Lsfr3                  sfr3         0000
__Lspace_0               (abs)        0000
__Lspace_1               (abs)        0000
__Lspace_2               (abs)        0000
__Lspace_3               (abs)        0000
__Lspace_4               (abs)        0000
__Lstack                 stack        0000
__Lstrings               strings      0000
__Ltext                  text         0000
__S0                     (abs)        0800
__S1                     (abs)        007E
__S3                     (abs)        0000
___heap_hi               (abs)        0000
___heap_lo               (abs)        0000
___int_sp                stack        0000
___int_stack_hi          stack        0000
___int_stack_lo          stack        0000
___latbits               (abs)        0001
___lldiv                 text6        0730
___lldiv@counter         cstackCOMMON 007D
___lldiv@dividend        cstackCOMMON 0074
___lldiv@divisor         cstackCOMMON 0070
___lldiv@quotient        cstackCOMMON 0079
___llmod                 text5        06DC
___llmod@counter         cstackCOMMON 0079
___llmod@dividend        cstackCOMMON 0074
___llmod@divisor         cstackCOMMON 0070
___sp                    stack        0000
___stack_hi              stack        0000
___stack_lo              stack        0000
___stackhi               (abs)        0000
___stacklo               (abs)        0000
__end_of___lldiv         text6        0796
__end_of___llmod         text5        0730
__end_of__initialization cinit        07FD
__end_of__stringtab      strings      0008
__end_of_clockLcd        text11       055D
__end_of_lcdChar         text4        0574
__end_of_lcdCmd          text8        05AB
__end_of_lcdInit         text7        06DC
__end_of_lcdNumber       text3        07FD
__end_of_lcdSet          text2        058F
__end_of_lcdText         text1        05C7
__end_of_lcdWriteHigh    text10       068E
__end_of_lcdWriteLow     text9        0644
__end_of_main            maintext     0602
__initialization         cinit        07FD
__pcstackBANK0           cstackBANK0  0020
__pcstackCOMMON          cstackCOMMON 0070
__pmaintext              maintext     05C7
__pstrings               strings      0002
__ptext1                 text1        05AB
__ptext10                text10       0644
__ptext11                text11       054D
__ptext2                 text2        0574
__ptext3                 text3        0796
__ptext4                 text4        055D
__ptext5                 text5        06DC
__ptext6                 text6        0730
__ptext7                 text7        068E
__ptext8                 text8        058F
__ptext9                 text9        0602
__stringbase             strings      0007
__stringtab              strings      0002
_clockLcd                text11       054D
_lcdChar                 text4        055D
_lcdCmd                  text8        058F
_lcdInit                 text7        068E
_lcdNumber               text3        0796
_lcdSet                  text2        0574
_lcdText                 text1        05AB
_lcdWriteHigh            text10       0644
_lcdWriteLow             text9        0602
_main                    maintext     05C7
btemp                    (abs)        007E
end_of_initialization    cinit        07FD
intlevel0                functab      0000
intlevel1                functab      0000
intlevel2                functab      0000
intlevel3                functab      0000
intlevel4                functab      0000
intlevel5                functab      0000
lcdChar@b                cstackCOMMON 0073
lcdCmd@b                 cstackCOMMON 0074
lcdNumber@i              cstackBANK0  0030
lcdNumber@j              cstackBANK0  0031
lcdNumber@n              cstackBANK0  0020
lcdNumber@num            cstackBANK0  0026
lcdSet@add               cstackCOMMON 0076
lcdSet@x                 cstackCOMMON 0077
lcdSet@y                 cstackCOMMON 0075
lcdText@i                cstackCOMMON 0075
lcdText@str              cstackCOMMON 0074
lcdWriteHigh@b           cstackCOMMON 0071
lcdWriteLow@b            cstackCOMMON 0071
main@i                   cstackBANK0  0032
reset_vec                reset_vec    0000
start                    init         0000
start_initialization     cinit        07FD
wtemp0                   (abs)        007E


MODULE INFORMATION

Module		Function		Class		Link	Load	Size
shared
		__stringtab    		STRING         	0002	0000	6
		__initialization		CODE           	07FD	0000	1

shared estimated size: 7

C:\Program Files\Microchip\xc8\v2.45\pic\sources\c99\common\llmod.c
		___llmod       		CODE           	06DC	0000	84

C:\Program Files\Microchip\xc8\v2.45\pic\sources\c99\common\llmod.c estimated size: 84

C:\Program Files\Microchip\xc8\v2.45\pic\sources\c99\common\__lldiv.c
		___lldiv       		CODE           	0730	0000	102

C:\Program Files\Microchip\xc8\v2.45\pic\sources\c99\common\__lldiv.c estimated size: 102

lcd_4bit.c
		_lcdSet        		CODE           	0574	0000	27
		_lcdChar       		CODE           	055D	0000	23
		_lcdText       		CODE           	05AB	0000	28
		_clockLcd      		CODE           	054D	0000	16
		_lcdNumber     		CODE           	0796	0000	103
		_lcdCmd        		CODE           	058F	0000	28
		_lcdWriteLow   		CODE           	0602	0000	66
		_lcdWriteHigh  		CODE           	0644	0000	74
		_lcdInit       		CODE           	068E	0000	78

lcd_4bit.c estimated size: 443

main.c
		_main          		CODE           	05C7	0000	59

main.c estimated size: 59

