Microchip MPLAB XC8 Compiler V2.45

Linker command line:

-W-3 \
  --edf=C:\Program Files\Microchip\xc8\v2.45\pic\dat\20230818022343_en.msgs \
  -cn -h+dist/default/production\07a-adc.production.sym \
  --cmf=dist/default/production\07a-adc.production.cmf -z -Q16F883 \
  -oC:\Users\nmvu1\AppData\Local\Temp\xcAs60c.\driver_tmp_3.o \
  --defsym=__MPLAB_BUILD=1 --fixupoverflow=error \
  -Mdist/default/production/07a-adc.production.map \
  --md=C:\Users\nmvu1\AppData\Local\Temp\xcAs60c.\driver_tmp_0.dat -E1 \
  -ver=XC8 Compiler --acfsm=1493 -ACODE=00h-07FFhx2 -ASTRCODE=00h-0FFFh \
  -ASTRING=00h-0FFhx16 -ACONST=00h-0FFhx16 -AENTRY=00h-0FFhx16 \
  -ACOMMON=070h-07Fh -ABANK0=020h-06Fh -ABANK1=0A0h-0EFh \
  -ABANK2=0120h-016Fh -ARAM=020h-06Fh,0A0h-0EFh,0120h-016Fh \
  -AABS1=020h-07Fh,0A0h-0EFh,0120h-016Fh -ASFR0=00h-01Fh -ASFR1=080h-09Fh \
  -ASFR2=0100h-011Fh -ASFR3=0180h-01EFh -ACONFIG=02007h-02008h -DCONFIG=2 \
  -AIDLOC=02000h-02003h -DIDLOC=2 -AEEDATA=00h-0FFh/02100h \
  -peeprom_data=EEDATA -DEEDATA=2 -DCODE=2 -DSTRCODE=2 -DSTRING=2 -DCONST=2 \
  -DENTRY=2 -preset_vec=00h,intentry,init,end_init -ppowerup=CODE \
  -pcinit=CODE -pfunctab=ENTRY -k \
  C:\Users\nmvu1\AppData\Local\Temp\xcAs60c.\driver_tmp_12.o \
  dist/default/production\07a-adc.production.o 

Object code version is 3.11

Machine type is 16F883



                Name                               Link     Load   Length Selector   Space Scale
C:\Users\nmvu1\AppData\Local\Temp\xcAs60c.\driver_tmp_12.o
                end_init                              0        0        2        0       0
                config                             2007     2007        2        0       4
dist/default/production\07a-adc.production.o
                cinit                               7FD      7FD        3      FFA       0
                config                             2007     2007        2        0       4
                text12                              51B      51B       10      A36       0
                text11                              5D7      5D7       4A      BAE       0
                text10                              595      595       42      B2A       0
                text9                               55D      55D       1C      ABA       0
                text8                               516      516        5      A2C       0
                text7                               621      621       4E      C42       0
                text6                               6C3      6C3       66      D86       0
                text5                               66F      66F       54      CDE       0
                text4                               52B      52B       17      A56       0
                text3                               729      729       67      E52       0
                text2                               542      542       1B      A84       0
                text1                               579      579       1C      AF2       0
                maintext                            790      790       6D      F20       0
                cstackBANK0                          20       20       1A       20       1
                cstackCOMMON                         70       70        E       70       1
                strings                               2        2       21        4       0

TOTAL           Name                               Link     Load   Length     Space
        CLASS   CODE           
                end_init                              0        0        2         0
                cinit                               7FD      7FD        3         0
                text12                              51B      51B       10         0
                text11                              5D7      5D7       4A         0
                text10                              595      595       42         0
                text9                               55D      55D       1C         0
                text8                               516      516        5         0
                text7                               621      621       4E         0
                text6                               6C3      6C3       66         0
                text5                               66F      66F       54         0
                text4                               52B      52B       17         0
                text3                               729      729       67         0
                text2                               542      542       1B         0
                text1                               579      579       1C         0
                maintext                            790      790       6D         0

        CLASS   STRCODE        

        CLASS   STRING         
                strings                               2        2       21         0

        CLASS   CONST          

        CLASS   ENTRY          

        CLASS   COMMON         
                cstackCOMMON                         70       70        E         1

        CLASS   BANK0          
                cstackBANK0                          20       20       1A         1

        CLASS   BANK1          

        CLASS   BANK2          

        CLASS   RAM            

        CLASS   ABS1           
                abs_s1                               7E       7E        2         1

        CLASS   SFR0           

        CLASS   SFR1           

        CLASS   SFR2           

        CLASS   SFR3           

        CLASS   CONFIG         
                config                             2007     2007        2         4

        CLASS   IDLOC          

        CLASS   EEDATA         

        CLASS   BANK3          

        CLASS   HEAP           

        CLASS   STACK          



SEGMENTS        Name                           Load    Length   Top    Selector   Space  Class     Delta

                reset_vec                      000000  000002  000002         0       0  CODE        2
                strings                        000002  000021  000023         4       0  STRING      2
                cstackBANK0                    000020  00001A  00003A        20       1  BANK0       1
                cstackCOMMON                   000070  00000E  00007E        70       1  COMMON      1
                text8                          000516  000005  00051B       A2C       0  CODE        2
                text12                         00051B  000010  00052B       A36       0  CODE        2
                text4                          00052B  000017  000542       A56       0  CODE        2
                text2                          000542  00001B  00055D       A84       0  CODE        2
                text9                          00055D  00001C  000579       ABA       0  CODE        2
                text1                          000579  00001C  000595       AF2       0  CODE        2
                text10                         000595  000042  0005D7       B2A       0  CODE        2
                text11                         0005D7  00004A  000621       BAE       0  CODE        2
                text7                          000621  00004E  00066F       C42       0  CODE        2
                text5                          00066F  000054  0006C3       CDE       0  CODE        2
                text6                          0006C3  000066  000729       D86       0  CODE        2
                text3                          000729  000067  000790       E52       0  CODE        2
                maintext                       000790  00006D  0007FD       F20       0  CODE        2
                cinit                          0007FD  000003  000800       FFA       0  CODE        2


UNUSED ADDRESS RANGES

        Name                Unused          Largest block    Delta
        BANK0            003A-006F             36           1
        BANK1            00A0-00EF             50           1
        BANK2            0120-016F             50           1
        CODE             0023-0515            4F3           2
                         0800-0FFF            800
        CONST            0023-0515            100           2
                         0800-0FFF            100
        EEDATA           2100-21FF            100           2
        ENTRY            0023-0515            100           2
                         0800-0FFF            100
        IDLOC            2000-2003              4           2
        RAM              003A-006F             36           1
                         00A0-00EF             50
                         0120-016F             50
        SFR0             0000-001F             20           1
        SFR1             0080-009F             20           1
        SFR2             0100-011F             20           1
        SFR3             0180-01EF             70           1
        STRCODE          0023-0515            4F3           2
                         0800-0FFF            800
        STRING           0023-0515            100           2
                         0800-0FFF            100

                                  Symbol Table

?___lldiv                cstackCOMMON 0070
?___llmod                cstackCOMMON 0070
_ADCS0                   (abs)        00FE
_ADCS1                   (abs)        00FF
_ADFM                    (abs)        04FF
_ADON                    (abs)        00F8
_ADRESH                  (abs)        001E
_ADRESL                  (abs)        009E
_ANS0                    (abs)        0C40
_CHS0                    (abs)        00FA
_CHS1                    (abs)        00FB
_CHS2                    (abs)        00FC
_CHS3                    (abs)        00FD
_GO_nDONE                (abs)        00F9
_RC0                     (abs)        0038
_RC1                     (abs)        0039
_RC4                     (abs)        003C
_RC5                     (abs)        003D
_RC6                     (abs)        003E
_RC7                     (abs)        003F
_TRISA0                  (abs)        0428
_TRISC                   (abs)        0087
_VCFG0                   (abs)        04FC
_VCFG1                   (abs)        04FD
__H__absolute__          __absolute__ 0000
__Habs1                  abs1         0000
__Hbank0                 bank0        0000
__Hbank1                 bank1        0000
__Hbank2                 bank2        0000
__Hbank3                 bank3        0000
__Hcinit                 cinit        0800
__Hclrtext               clrtext      0000
__Hcode                  code         0000
__Hcommon                common       0000
__Hconfig                config       2009
__HcstackBANK0           cstackBANK0  0000
__HcstackCOMMON          cstackCOMMON 0000
__Heeprom_data           eeprom_data  0000
__Hend_init              end_init     0002
__Hfunctab               functab      0000
__Hheap                  heap         0000
__Hinit                  init         0000
__Hintentry              intentry     0000
__Hmaintext              maintext     0000
__Hpowerup               powerup      0000
__Hram                   ram          0000
__Hreset_vec             reset_vec    0000
__Hsfr0                  sfr0         0000
__Hsfr1                  sfr1         0000
__Hsfr2                  sfr2         0000
__Hsfr3                  sfr3         0000
__Hspace_0               (abs)        0800
__Hspace_1               (abs)        007E
__Hspace_2               (abs)        0000
__Hspace_3               (abs)        0000
__Hspace_4               (abs)        4010
__Hstack                 stack        0000
__Hstrings               strings      0000
__Htext                  text         0000
__L__absolute__          __absolute__ 0000
__Labs1                  abs1         0000
__Lbank0                 bank0        0000
__Lbank1                 bank1        0000
__Lbank2                 bank2        0000
__Lbank3                 bank3        0000
__Lcinit                 cinit        07FD
__Lclrtext               clrtext      0000
__Lcode                  code         0000
__Lcommon                common       0000
__Lconfig                config       0000
__LcstackBANK0           cstackBANK0  0000
__LcstackCOMMON          cstackCOMMON 0000
__Leeprom_data           eeprom_data  0000
__Lend_init              end_init     0000
__Lfunctab               functab      0000
__Lheap                  heap         0000
__Linit                  init         0000
__Lintentry              intentry     0000
__Lmaintext              maintext     0000
__Lpowerup               powerup      0000
__Lram                   ram          0000
__Lreset_vec             reset_vec    0000
__Lsfr0                  sfr0         0000
__Lsfr1                  sfr1         0000
__Lsfr2                  sfr2         0000
__Lsfr3                  sfr3         0000
__Lspace_0               (abs)        0000
__Lspace_1               (abs)        0000
__Lspace_2               (abs)        0000
__Lspace_3               (abs)        0000
__Lspace_4               (abs)        0000
__Lstack                 stack        0000
__Lstrings               strings      0000
__Ltext                  text         0000
__S0                     (abs)        0800
__S1                     (abs)        007E
__S3                     (abs)        0000
___heap_hi               (abs)        0000
___heap_lo               (abs)        0000
___int_sp                stack        0000
___int_stack_hi          stack        0000
___int_stack_lo          stack        0000
___latbits               (abs)        0001
___lldiv                 text6        06C3
___lldiv@counter         cstackCOMMON 007D
___lldiv@dividend        cstackCOMMON 0074
___lldiv@divisor         cstackCOMMON 0070
___lldiv@quotient        cstackCOMMON 0079
___llmod                 text5        066F
___llmod@counter         cstackCOMMON 0079
___llmod@dividend        cstackCOMMON 0074
___llmod@divisor         cstackCOMMON 0070
___sp                    stack        0000
___stack_hi              stack        0000
___stack_lo              stack        0000
___stackhi               (abs)        0000
___stacklo               (abs)        0000
__end_of___lldiv         text6        0729
__end_of___llmod         text5        06C3
__end_of__initialization cinit        07FD
__end_of__stringtab      strings      0008
__end_of_clockLcd        text12       052B
__end_of_lcdChar         text4        0542
__end_of_lcdClear        text8        051B
__end_of_lcdCmd          text9        0579
__end_of_lcdInit         text7        066F
__end_of_lcdNumber       text3        0790
__end_of_lcdSet          text2        055D
__end_of_lcdText         text1        0595
__end_of_lcdWriteHigh    text11       0621
__end_of_lcdWriteLow     text10       05D7
__end_of_main            maintext     07FD
__initialization         cinit        07FD
__pcstackBANK0           cstackBANK0  0020
__pcstackCOMMON          cstackCOMMON 0070
__pmaintext              maintext     0790
__pstrings               strings      0002
__ptext1                 text1        0579
__ptext10                text10       0595
__ptext11                text11       05D7
__ptext12                text12       051B
__ptext2                 text2        0542
__ptext3                 text3        0729
__ptext4                 text4        052B
__ptext5                 text5        066F
__ptext6                 text6        06C3
__ptext7                 text7        0621
__ptext8                 text8        0516
__ptext9                 text9        055D
__stringbase             strings      0007
__stringtab              strings      0002
_clockLcd                text12       051B
_lcdChar                 text4        052B
_lcdClear                text8        0516
_lcdCmd                  text9        055D
_lcdInit                 text7        0621
_lcdNumber               text3        0729
_lcdSet                  text2        0542
_lcdText                 text1        0579
_lcdWriteHigh            text11       05D7
_lcdWriteLow             text10       0595
_main                    maintext     0790
btemp                    (abs)        007E
end_of_initialization    cinit        07FD
intlevel0                functab      0000
intlevel1                functab      0000
intlevel2                functab      0000
intlevel3                functab      0000
intlevel4                functab      0000
intlevel5                functab      0000
lcdChar@b                cstackCOMMON 0073
lcdCmd@b                 cstackCOMMON 0074
lcdNumber@i              cstackBANK0  0030
lcdNumber@j              cstackBANK0  0031
lcdNumber@n              cstackBANK0  0020
lcdNumber@num            cstackBANK0  0026
lcdSet@add               cstackCOMMON 0076
lcdSet@x                 cstackCOMMON 0077
lcdSet@y                 cstackCOMMON 0075
lcdText@i                cstackCOMMON 0074
lcdText@str              cstackCOMMON 0075
lcdWriteHigh@b           cstackCOMMON 0071
lcdWriteLow@b            cstackCOMMON 0071
main@value               cstackBANK0  0038
reset_vec                reset_vec    0000
start                    init         0000
start_initialization     cinit        07FD
wtemp0                   (abs)        007E


MODULE INFORMATION

Module		Function		Class		Link	Load	Size
shared
		__stringtab    		STRING         	0002	0000	6
		__initialization		CODE           	07FD	0000	1

shared estimated size: 7

C:\Program Files\Microchip\xc8\v2.45\pic\sources\c99\common\llmod.c
		___llmod       		CODE           	066F	0000	84

C:\Program Files\Microchip\xc8\v2.45\pic\sources\c99\common\llmod.c estimated size: 84

C:\Program Files\Microchip\xc8\v2.45\pic\sources\c99\common\__lldiv.c
		___lldiv       		CODE           	06C3	0000	102

C:\Program Files\Microchip\xc8\v2.45\pic\sources\c99\common\__lldiv.c estimated size: 102

lcd_4bit.c
		_lcdSet        		CODE           	0542	0000	27
		_lcdChar       		CODE           	052B	0000	23
		_lcdText       		CODE           	0579	0000	28
		_clockLcd      		CODE           	051B	0000	16
		_lcdNumber     		CODE           	0729	0000	103
		_lcdClear      		CODE           	0516	0000	5
		_lcdCmd        		CODE           	055D	0000	28
		_lcdWriteLow   		CODE           	0595	0000	66
		_lcdWriteHigh  		CODE           	05D7	0000	74
		_lcdInit       		CODE           	0621	0000	78

lcd_4bit.c estimated size: 448

main.c
		_main          		CODE           	0790	0000	109

main.c estimated size: 109

